// Jest Snapshot v1, https://goo.gl/fbAQLP

exports[`HookApp component test Debe de renderizar correctamente el componente 1`] = `
<div>
  <h1>
    Hola Mundo
  </h1>
</div>
`;
