// Jest Snapshot v1, https://goo.gl/fbAQLP

exports[`Pruebas del componente <GifGridItem /> Debe de mostrar el componente correctamente 1`] = `
<div
  className="card animate__animated animate__fadeIn"
>
  <img
    alt="Hola mundo"
    src="https://localhost/algo.png"
  />
  <p>
     
    Hola mundo
     
  </p>
</div>
`;
